// Jest Snapshot v1, https://goo.gl/fbAQLP

exports[`ToDo component Renders correctly 1`] = `ShallowWrapper {}`;
